// Jest Snapshot v1, https://goo.gl/fbAQLP

exports[`<UserActions /> renders the UserActions component 1`] = `ShallowWrapper {}`;
