// Jest Snapshot v1, https://goo.gl/fbAQLP

exports[`<Form /> renders the Form component 1`] = `ShallowWrapper {}`;
